2023-03-19 19:09:51,266 | DEBUG    | 0012 | Start testing function
2023-03-19 19:09:51,267 | INFO     | 0013 | Starting function to read first line
2023-03-19 19:09:51,268 | INFO     | 0016 | Reading file
2023-03-19 19:09:51,268 | DEBUG    | 0019 | Finished without problems
2023-03-19 19:22:41,786 | DEBUG    | 0012 | Start testing function
2023-03-19 19:22:41,787 | INFO     | 0013 | Starting function to read first line
2023-03-19 19:22:41,788 | INFO     | 0016 | Reading file
2023-03-19 19:22:41,789 | DEBUG    | 0019 | Finished without problems
2023-03-19 19:23:18,206 | DEBUG    | 0012 | Start testing function
2023-03-19 19:23:18,207 | INFO     | 0013 | Starting function to read first line
2023-03-19 19:23:18,208 | INFO     | 0016 | Reading file
2023-03-19 19:23:18,208 | DEBUG    | 0019 | Finished without problems
2023-03-19 19:23:56,224 | DEBUG    | 0012 | Start testing function
2023-03-19 19:23:56,225 | INFO     | 0013 | Starting function to read first line
2023-03-19 19:23:56,226 | INFO     | 0016 | Reading file
2023-03-19 19:23:56,227 | DEBUG    | 0019 | Finished without problems
2023-03-19 19:24:37,423 | DEBUG    | 0012 | Start testing function
2023-03-19 19:24:37,425 | INFO     | 0013 | Starting function to read first line
2023-03-19 19:24:37,425 | INFO     | 0016 | Reading file
2023-03-19 19:24:37,426 | DEBUG    | 0019 | Finished without problems
2023-03-19 19:25:16,242 | DEBUG    | 0012 | Start testing function
2023-03-19 19:25:16,243 | INFO     | 0013 | Starting function to read first line
2023-03-19 19:25:16,244 | INFO     | 0016 | Reading file
2023-03-19 19:25:16,245 | DEBUG    | 0019 | Finished without problems
2023-03-19 19:26:04,601 - data_ingest - DEBUG - Start testing function
2023-03-19 19:26:04,602 - data_ingest - INFO - Starting function to read first line
2023-03-19 19:26:04,602 - data_ingest - INFO - Reading file
2023-03-19 19:26:04,603 - data_ingest - DEBUG - Finished without problems
